CRITICAL - 2026-09-16 09:21:57 --> ErrorException: Undefined array key "tarifaEnvio"
[Method: GET, Route: checkout]
in APPPATH\Views\cliente\checkout.php on line 127.
 1 APPPATH\Views\cliente\checkout.php(127): CodeIgniter\Debug\Exceptions->errorHandler(2, 'Undefined array key "tarifaEnvio"', 'C:\\xampp\\htdocs\\CALA\\app\\Views\\cliente\\checkout.php', 127)
 2 SYSTEMPATH\View\View.php(240): include('C:\\xampp\\htdocs\\CALA\\app\\Views\\cliente\\checkout.php')
 3 SYSTEMPATH\View\View.php(243): CodeIgniter\View\View->CodeIgniter\View\{closure}()
 4 SYSTEMPATH\Common.php(1250): CodeIgniter\View\View->render('cliente/checkout', [], true)
 5 APPPATH\Controllers\Carrito.php(487): view('cliente/checkout', [...])
 6 SYSTEMPATH\CodeIgniter.php(951): App\Controllers\Carrito->checkout()
 7 SYSTEMPATH\CodeIgniter.php(497): CodeIgniter\CodeIgniter->runController(Object(App\Controllers\Carrito))
 8 SYSTEMPATH\CodeIgniter.php(340): CodeIgniter\CodeIgniter->handleRequest(null, Object(Config\Cache), false)
 9 SYSTEMPATH\Boot.php(417): CodeIgniter\CodeIgniter->run()
10 SYSTEMPATH\Boot.php(68): CodeIgniter\Boot::runCodeIgniter(Object(CodeIgniter\CodeIgniter))
11 FCPATH\index.php(59): CodeIgniter\Boot::bootWeb(Object(Config\Paths))
CRITICAL - 2026-09-16 09:22:11 --> ErrorException: Undefined array key "tarifaEnvio"
[Method: GET, Route: checkout]
in APPPATH\Views\cliente\checkout.php on line 127.
 1 APPPATH\Views\cliente\checkout.php(127): CodeIgniter\Debug\Exceptions->errorHandler(2, 'Undefined array key "tarifaEnvio"', 'C:\\xampp\\htdocs\\CALA\\app\\Views\\cliente\\checkout.php', 127)
 2 SYSTEMPATH\View\View.php(240): include('C:\\xampp\\htdocs\\CALA\\app\\Views\\cliente\\checkout.php')
 3 SYSTEMPATH\View\View.php(243): CodeIgniter\View\View->CodeIgniter\View\{closure}()
 4 SYSTEMPATH\Common.php(1250): CodeIgniter\View\View->render('cliente/checkout', [], true)
 5 APPPATH\Controllers\Carrito.php(487): view('cliente/checkout', [...])
 6 SYSTEMPATH\CodeIgniter.php(951): App\Controllers\Carrito->checkout()
 7 SYSTEMPATH\CodeIgniter.php(497): CodeIgniter\CodeIgniter->runController(Object(App\Controllers\Carrito))
 8 SYSTEMPATH\CodeIgniter.php(340): CodeIgniter\CodeIgniter->handleRequest(null, Object(Config\Cache), false)
 9 SYSTEMPATH\Boot.php(417): CodeIgniter\CodeIgniter->run()
10 SYSTEMPATH\Boot.php(68): CodeIgniter\Boot::runCodeIgniter(Object(CodeIgniter\CodeIgniter))
11 FCPATH\index.php(59): CodeIgniter\Boot::bootWeb(Object(Config\Paths))
CRITICAL - 2026-09-16 09:22:21 --> ErrorException: Undefined array key "tarifaEnvio"
[Method: GET, Route: checkout]
in APPPATH\Views\cliente\checkout.php on line 127.
 1 APPPATH\Views\cliente\checkout.php(127): CodeIgniter\Debug\Exceptions->errorHandler(2, 'Undefined array key "tarifaEnvio"', 'C:\\xampp\\htdocs\\CALA\\app\\Views\\cliente\\checkout.php', 127)
 2 SYSTEMPATH\View\View.php(240): include('C:\\xampp\\htdocs\\CALA\\app\\Views\\cliente\\checkout.php')
 3 SYSTEMPATH\View\View.php(243): CodeIgniter\View\View->CodeIgniter\View\{closure}()
 4 SYSTEMPATH\Common.php(1250): CodeIgniter\View\View->render('cliente/checkout', [], true)
 5 APPPATH\Controllers\Carrito.php(487): view('cliente/checkout', [...])
 6 SYSTEMPATH\CodeIgniter.php(951): App\Controllers\Carrito->checkout()
 7 SYSTEMPATH\CodeIgniter.php(497): CodeIgniter\CodeIgniter->runController(Object(App\Controllers\Carrito))
 8 SYSTEMPATH\CodeIgniter.php(340): CodeIgniter\CodeIgniter->handleRequest(null, Object(Config\Cache), false)
 9 SYSTEMPATH\Boot.php(417): CodeIgniter\CodeIgniter->run()
10 SYSTEMPATH\Boot.php(68): CodeIgniter\Boot::runCodeIgniter(Object(CodeIgniter\CodeIgniter))
11 FCPATH\index.php(59): CodeIgniter\Boot::bootWeb(Object(Config\Paths))
CRITICAL - 2026-09-16 09:22:37 --> ErrorException: Undefined array key "tarifaEnvio"
[Method: GET, Route: checkout]
in APPPATH\Views\cliente\checkout.php on line 127.
 1 APPPATH\Views\cliente\checkout.php(127): CodeIgniter\Debug\Exceptions->errorHandler(2, 'Undefined array key "tarifaEnvio"', 'C:\\xampp\\htdocs\\CALA\\app\\Views\\cliente\\checkout.php', 127)
 2 SYSTEMPATH\View\View.php(240): include('C:\\xampp\\htdocs\\CALA\\app\\Views\\cliente\\checkout.php')
 3 SYSTEMPATH\View\View.php(243): CodeIgniter\View\View->CodeIgniter\View\{closure}()
 4 SYSTEMPATH\Common.php(1250): CodeIgniter\View\View->render('cliente/checkout', [], true)
 5 APPPATH\Controllers\Carrito.php(487): view('cliente/checkout', [...])
 6 SYSTEMPATH\CodeIgniter.php(951): App\Controllers\Carrito->checkout()
 7 SYSTEMPATH\CodeIgniter.php(497): CodeIgniter\CodeIgniter->runController(Object(App\Controllers\Carrito))
 8 SYSTEMPATH\CodeIgniter.php(340): CodeIgniter\CodeIgniter->handleRequest(null, Object(Config\Cache), false)
 9 SYSTEMPATH\Boot.php(417): CodeIgniter\CodeIgniter->run()
10 SYSTEMPATH\Boot.php(68): CodeIgniter\Boot::runCodeIgniter(Object(CodeIgniter\CodeIgniter))
11 FCPATH\index.php(59): CodeIgniter\Boot::bootWeb(Object(Config\Paths))
CRITICAL - 2026-09-16 09:43:43 --> ErrorException: Undefined array key "nombreSucursal"
[Method: GET, Route: checkout]
in APPPATH\Views\cliente\checkout.php on line 126.
 1 APPPATH\Views\cliente\checkout.php(126): CodeIgniter\Debug\Exceptions->errorHandler(2, 'Undefined array key "nombreSucursal"', 'C:\\xampp\\htdocs\\CALA\\app\\Views\\cliente\\checkout.php', 126)
 2 SYSTEMPATH\View\View.php(240): include('C:\\xampp\\htdocs\\CALA\\app\\Views\\cliente\\checkout.php')
 3 SYSTEMPATH\View\View.php(243): CodeIgniter\View\View->CodeIgniter\View\{closure}()
 4 SYSTEMPATH\Common.php(1250): CodeIgniter\View\View->render('cliente/checkout', [], true)
 5 APPPATH\Controllers\Carrito.php(487): view('cliente/checkout', [...])
 6 SYSTEMPATH\CodeIgniter.php(951): App\Controllers\Carrito->checkout()
 7 SYSTEMPATH\CodeIgniter.php(497): CodeIgniter\CodeIgniter->runController(Object(App\Controllers\Carrito))
 8 SYSTEMPATH\CodeIgniter.php(340): CodeIgniter\CodeIgniter->handleRequest(null, Object(Config\Cache), false)
 9 SYSTEMPATH\Boot.php(417): CodeIgniter\CodeIgniter->run()
10 SYSTEMPATH\Boot.php(68): CodeIgniter\Boot::runCodeIgniter(Object(CodeIgniter\CodeIgniter))
11 FCPATH\index.php(59): CodeIgniter\Boot::bootWeb(Object(Config\Paths))
CRITICAL - 2026-09-16 09:46:56 --> ErrorException: Undefined array key "direccion"
[Method: GET, Route: checkout]
in APPPATH\Views\cliente\checkout.php on line 127.
 1 APPPATH\Views\cliente\checkout.php(127): CodeIgniter\Debug\Exceptions->errorHandler(2, 'Undefined array key "direccion"', 'C:\\xampp\\htdocs\\CALA\\app\\Views\\cliente\\checkout.php', 127)
 2 SYSTEMPATH\View\View.php(240): include('C:\\xampp\\htdocs\\CALA\\app\\Views\\cliente\\checkout.php')
 3 SYSTEMPATH\View\View.php(243): CodeIgniter\View\View->CodeIgniter\View\{closure}()
 4 SYSTEMPATH\Common.php(1250): CodeIgniter\View\View->render('cliente/checkout', [], true)
 5 APPPATH\Controllers\Carrito.php(487): view('cliente/checkout', [...])
 6 SYSTEMPATH\CodeIgniter.php(951): App\Controllers\Carrito->checkout()
 7 SYSTEMPATH\CodeIgniter.php(497): CodeIgniter\CodeIgniter->runController(Object(App\Controllers\Carrito))
 8 SYSTEMPATH\CodeIgniter.php(340): CodeIgniter\CodeIgniter->handleRequest(null, Object(Config\Cache), false)
 9 SYSTEMPATH\Boot.php(417): CodeIgniter\CodeIgniter->run()
10 SYSTEMPATH\Boot.php(68): CodeIgniter\Boot::runCodeIgniter(Object(CodeIgniter\CodeIgniter))
11 FCPATH\index.php(59): CodeIgniter\Boot::bootWeb(Object(Config\Paths))
CRITICAL - 2026-09-16 09:56:26 --> ErrorException: Undefined array key "direccion"
[Method: GET, Route: checkout]
in APPPATH\Views\cliente\checkout.php on line 127.
 1 APPPATH\Views\cliente\checkout.php(127): CodeIgniter\Debug\Exceptions->errorHandler(2, 'Undefined array key "direccion"', 'C:\\xampp\\htdocs\\CALA\\app\\Views\\cliente\\checkout.php', 127)
 2 SYSTEMPATH\View\View.php(240): include('C:\\xampp\\htdocs\\CALA\\app\\Views\\cliente\\checkout.php')
 3 SYSTEMPATH\View\View.php(243): CodeIgniter\View\View->CodeIgniter\View\{closure}()
 4 SYSTEMPATH\Common.php(1250): CodeIgniter\View\View->render('cliente/checkout', [], true)
 5 APPPATH\Controllers\Carrito.php(487): view('cliente/checkout', [...])
 6 SYSTEMPATH\CodeIgniter.php(951): App\Controllers\Carrito->checkout()
 7 SYSTEMPATH\CodeIgniter.php(497): CodeIgniter\CodeIgniter->runController(Object(App\Controllers\Carrito))
 8 SYSTEMPATH\CodeIgniter.php(340): CodeIgniter\CodeIgniter->handleRequest(null, Object(Config\Cache), false)
 9 SYSTEMPATH\Boot.php(417): CodeIgniter\CodeIgniter->run()
10 SYSTEMPATH\Boot.php(68): CodeIgniter\Boot::runCodeIgniter(Object(CodeIgniter\CodeIgniter))
11 FCPATH\index.php(59): CodeIgniter\Boot::bootWeb(Object(Config\Paths))
CRITICAL - 2026-09-16 10:01:25 --> ErrorException: Undefined array key "direccion"
[Method: GET, Route: checkout]
in APPPATH\Views\cliente\checkout.php on line 127.
 1 APPPATH\Views\cliente\checkout.php(127): CodeIgniter\Debug\Exceptions->errorHandler(2, 'Undefined array key "direccion"', 'C:\\xampp\\htdocs\\CALA\\app\\Views\\cliente\\checkout.php', 127)
 2 SYSTEMPATH\View\View.php(240): include('C:\\xampp\\htdocs\\CALA\\app\\Views\\cliente\\checkout.php')
 3 SYSTEMPATH\View\View.php(243): CodeIgniter\View\View->CodeIgniter\View\{closure}()
 4 SYSTEMPATH\Common.php(1250): CodeIgniter\View\View->render('cliente/checkout', [], true)
 5 APPPATH\Controllers\Carrito.php(487): view('cliente/checkout', [...])
 6 SYSTEMPATH\CodeIgniter.php(951): App\Controllers\Carrito->checkout()
 7 SYSTEMPATH\CodeIgniter.php(497): CodeIgniter\CodeIgniter->runController(Object(App\Controllers\Carrito))
 8 SYSTEMPATH\CodeIgniter.php(340): CodeIgniter\CodeIgniter->handleRequest(null, Object(Config\Cache), false)
 9 SYSTEMPATH\Boot.php(417): CodeIgniter\CodeIgniter->run()
10 SYSTEMPATH\Boot.php(68): CodeIgniter\Boot::runCodeIgniter(Object(CodeIgniter\CodeIgniter))
11 FCPATH\index.php(59): CodeIgniter\Boot::bootWeb(Object(Config\Paths))
