ERROR - 2026-09-12 14:55:21 --> Column 'tipoEntrega' cannot be null
in SYSTEMPATH\Database\MySQLi\Connection.php on line 300.
 1 SYSTEMPATH\Database\MySQLi\Connection.php(300): mysqli->query('INSERT INTO `pedido` (`idCliente`, `fecha`, `estado`, `tipoEntrega`, `direccionEntrega`, `subTotal`, `costoEnvio`, `total`) VALUES (\'14\', \'2026-09-12 14:55:21\', \'carrito\', NULL, NULL, 0, 0, 0)', 0)
 2 SYSTEMPATH\Database\BaseConnection.php(910): CodeIgniter\Database\MySQLi\Connection->execute('INSERT INTO `pedido` (`idCliente`, `fecha`, `estado`, `tipoEntrega`, `direccionEntrega`, `subTotal`, `costoEnvio`, `total`) VALUES (\'14\', \'2026-09-12 14:55:21\', \'carrito\', NULL, NULL, 0, 0, 0)')
 3 SYSTEMPATH\Database\BaseConnection.php(827): CodeIgniter\Database\BaseConnection->simpleQuery('INSERT INTO `pedido` (`idCliente`, `fecha`, `estado`, `tipoEntrega`, `direccionEntrega`, `subTotal`, `costoEnvio`, `total`) VALUES (\'14\', \'2026-09-12 14:55:21\', \'carrito\', NULL, NULL, 0, 0, 0)')
 4 SYSTEMPATH\Database\BaseBuilder.php(2345): CodeIgniter\Database\BaseConnection->query('INSERT INTO `pedido` (`idCliente`, `fecha`, `estado`, `tipoEntrega`, `direccionEntrega`, `subTotal`, `costoEnvio`, `total`) VALUES (:idCliente:, :fecha:, :estado:, :tipoEntrega:, :direccionEntrega:, :subTotal:, :costoEnvio:, :total:)', [...], false)
 5 SYSTEMPATH\Model.php(355): CodeIgniter\Database\BaseBuilder->insert()
 6 SYSTEMPATH\BaseModel.php(899): CodeIgniter\Model->doInsert([...])
 7 SYSTEMPATH\Model.php(668): CodeIgniter\BaseModel->insert([...], true)
 8 APPPATH\Controllers\Carrito.php(115): CodeIgniter\Model->insert([...])
 9 SYSTEMPATH\CodeIgniter.php(951): App\Controllers\Carrito->agregar()
10 SYSTEMPATH\CodeIgniter.php(497): CodeIgniter\CodeIgniter->runController(Object(App\Controllers\Carrito))
11 SYSTEMPATH\CodeIgniter.php(340): CodeIgniter\CodeIgniter->handleRequest(null, Object(Config\Cache), false)
12 SYSTEMPATH\Boot.php(417): CodeIgniter\CodeIgniter->run()
13 SYSTEMPATH\Boot.php(68): CodeIgniter\Boot::runCodeIgniter(Object(CodeIgniter\CodeIgniter))
14 FCPATH\index.php(59): CodeIgniter\Boot::bootWeb(Object(Config\Paths))
CRITICAL - 2026-09-12 14:55:21 --> CodeIgniter\Database\Exceptions\DatabaseException: Column 'tipoEntrega' cannot be null
[Method: POST, Route: carrito/agregar]
in SYSTEMPATH\Database\BaseConnection.php on line 865.
 1 SYSTEMPATH\Database\BaseBuilder.php(2345): CodeIgniter\Database\BaseConnection->query('INSERT INTO `pedido` (`idCliente`, `fecha`, `estado`, `tipoEntrega`, `direccionEntrega`, `subTotal`, `costoEnvio`, `total`) VALUES (:idCliente:, :fecha:, :estado:, :tipoEntrega:, :direccionEntrega:, :subTotal:, :costoEnvio:, :total:)', [...], false)
 2 SYSTEMPATH\Model.php(355): CodeIgniter\Database\BaseBuilder->insert()
 3 SYSTEMPATH\BaseModel.php(899): CodeIgniter\Model->doInsert([...])
 4 SYSTEMPATH\Model.php(668): CodeIgniter\BaseModel->insert([...], true)
 5 APPPATH\Controllers\Carrito.php(115): CodeIgniter\Model->insert([...])
 6 SYSTEMPATH\CodeIgniter.php(951): App\Controllers\Carrito->agregar()
 7 SYSTEMPATH\CodeIgniter.php(497): CodeIgniter\CodeIgniter->runController(Object(App\Controllers\Carrito))
 8 SYSTEMPATH\CodeIgniter.php(340): CodeIgniter\CodeIgniter->handleRequest(null, Object(Config\Cache), false)
 9 SYSTEMPATH\Boot.php(417): CodeIgniter\CodeIgniter->run()
10 SYSTEMPATH\Boot.php(68): CodeIgniter\Boot::runCodeIgniter(Object(CodeIgniter\CodeIgniter))
11 FCPATH\index.php(59): CodeIgniter\Boot::bootWeb(Object(Config\Paths))
CRITICAL - 2026-09-12 14:55:21 --> [Caused by] CodeIgniter\Database\Exceptions\DatabaseException: Column 'tipoEntrega' cannot be null
in SYSTEMPATH\Database\MySQLi\Connection.php on line 310.
 1 SYSTEMPATH\Database\BaseConnection.php(910): CodeIgniter\Database\MySQLi\Connection->execute('INSERT INTO `pedido` (`idCliente`, `fecha`, `estado`, `tipoEntrega`, `direccionEntrega`, `subTotal`, `costoEnvio`, `total`) VALUES (\'14\', \'2026-09-12 14:55:21\', \'carrito\', NULL, NULL, 0, 0, 0)')
 2 SYSTEMPATH\Database\BaseConnection.php(827): CodeIgniter\Database\BaseConnection->simpleQuery('INSERT INTO `pedido` (`idCliente`, `fecha`, `estado`, `tipoEntrega`, `direccionEntrega`, `subTotal`, `costoEnvio`, `total`) VALUES (\'14\', \'2026-09-12 14:55:21\', \'carrito\', NULL, NULL, 0, 0, 0)')
 3 SYSTEMPATH\Database\BaseBuilder.php(2345): CodeIgniter\Database\BaseConnection->query('INSERT INTO `pedido` (`idCliente`, `fecha`, `estado`, `tipoEntrega`, `direccionEntrega`, `subTotal`, `costoEnvio`, `total`) VALUES (:idCliente:, :fecha:, :estado:, :tipoEntrega:, :direccionEntrega:, :subTotal:, :costoEnvio:, :total:)', [...], false)
 4 SYSTEMPATH\Model.php(355): CodeIgniter\Database\BaseBuilder->insert()
 5 SYSTEMPATH\BaseModel.php(899): CodeIgniter\Model->doInsert([...])
 6 SYSTEMPATH\Model.php(668): CodeIgniter\BaseModel->insert([...], true)
 7 APPPATH\Controllers\Carrito.php(115): CodeIgniter\Model->insert([...])
 8 SYSTEMPATH\CodeIgniter.php(951): App\Controllers\Carrito->agregar()
 9 SYSTEMPATH\CodeIgniter.php(497): CodeIgniter\CodeIgniter->runController(Object(App\Controllers\Carrito))
10 SYSTEMPATH\CodeIgniter.php(340): CodeIgniter\CodeIgniter->handleRequest(null, Object(Config\Cache), false)
11 SYSTEMPATH\Boot.php(417): CodeIgniter\CodeIgniter->run()
12 SYSTEMPATH\Boot.php(68): CodeIgniter\Boot::runCodeIgniter(Object(CodeIgniter\CodeIgniter))
13 FCPATH\index.php(59): CodeIgniter\Boot::bootWeb(Object(Config\Paths))
CRITICAL - 2026-09-12 14:55:21 --> [Caused by] mysqli_sql_exception: Column 'tipoEntrega' cannot be null
in SYSTEMPATH\Database\MySQLi\Connection.php on line 300.
 1 SYSTEMPATH\Database\MySQLi\Connection.php(300): mysqli->query('INSERT INTO `pedido` (`idCliente`, `fecha`, `estado`, `tipoEntrega`, `direccionEntrega`, `subTotal`, `costoEnvio`, `total`) VALUES (\'14\', \'2026-09-12 14:55:21\', \'carrito\', NULL, NULL, 0, 0, 0)', 0)
 2 SYSTEMPATH\Database\BaseConnection.php(910): CodeIgniter\Database\MySQLi\Connection->execute('INSERT INTO `pedido` (`idCliente`, `fecha`, `estado`, `tipoEntrega`, `direccionEntrega`, `subTotal`, `costoEnvio`, `total`) VALUES (\'14\', \'2026-09-12 14:55:21\', \'carrito\', NULL, NULL, 0, 0, 0)')
 3 SYSTEMPATH\Database\BaseConnection.php(827): CodeIgniter\Database\BaseConnection->simpleQuery('INSERT INTO `pedido` (`idCliente`, `fecha`, `estado`, `tipoEntrega`, `direccionEntrega`, `subTotal`, `costoEnvio`, `total`) VALUES (\'14\', \'2026-09-12 14:55:21\', \'carrito\', NULL, NULL, 0, 0, 0)')
 4 SYSTEMPATH\Database\BaseBuilder.php(2345): CodeIgniter\Database\BaseConnection->query('INSERT INTO `pedido` (`idCliente`, `fecha`, `estado`, `tipoEntrega`, `direccionEntrega`, `subTotal`, `costoEnvio`, `total`) VALUES (:idCliente:, :fecha:, :estado:, :tipoEntrega:, :direccionEntrega:, :subTotal:, :costoEnvio:, :total:)', [...], false)
 5 SYSTEMPATH\Model.php(355): CodeIgniter\Database\BaseBuilder->insert()
 6 SYSTEMPATH\BaseModel.php(899): CodeIgniter\Model->doInsert([...])
 7 SYSTEMPATH\Model.php(668): CodeIgniter\BaseModel->insert([...], true)
 8 APPPATH\Controllers\Carrito.php(115): CodeIgniter\Model->insert([...])
 9 SYSTEMPATH\CodeIgniter.php(951): App\Controllers\Carrito->agregar()
10 SYSTEMPATH\CodeIgniter.php(497): CodeIgniter\CodeIgniter->runController(Object(App\Controllers\Carrito))
11 SYSTEMPATH\CodeIgniter.php(340): CodeIgniter\CodeIgniter->handleRequest(null, Object(Config\Cache), false)
12 SYSTEMPATH\Boot.php(417): CodeIgniter\CodeIgniter->run()
13 SYSTEMPATH\Boot.php(68): CodeIgniter\Boot::runCodeIgniter(Object(CodeIgniter\CodeIgniter))
14 FCPATH\index.php(59): CodeIgniter\Boot::bootWeb(Object(Config\Paths))
ERROR - 2026-09-12 14:55:33 --> Column 'tipoEntrega' cannot be null
in SYSTEMPATH\Database\MySQLi\Connection.php on line 300.
 1 SYSTEMPATH\Database\MySQLi\Connection.php(300): mysqli->query('INSERT INTO `pedido` (`idCliente`, `fecha`, `estado`, `tipoEntrega`, `direccionEntrega`, `subTotal`, `costoEnvio`, `total`) VALUES (\'14\', \'2026-09-12 14:55:33\', \'carrito\', NULL, NULL, 0, 0, 0)', 0)
 2 SYSTEMPATH\Database\BaseConnection.php(910): CodeIgniter\Database\MySQLi\Connection->execute('INSERT INTO `pedido` (`idCliente`, `fecha`, `estado`, `tipoEntrega`, `direccionEntrega`, `subTotal`, `costoEnvio`, `total`) VALUES (\'14\', \'2026-09-12 14:55:33\', \'carrito\', NULL, NULL, 0, 0, 0)')
 3 SYSTEMPATH\Database\BaseConnection.php(827): CodeIgniter\Database\BaseConnection->simpleQuery('INSERT INTO `pedido` (`idCliente`, `fecha`, `estado`, `tipoEntrega`, `direccionEntrega`, `subTotal`, `costoEnvio`, `total`) VALUES (\'14\', \'2026-09-12 14:55:33\', \'carrito\', NULL, NULL, 0, 0, 0)')
 4 SYSTEMPATH\Database\BaseBuilder.php(2345): CodeIgniter\Database\BaseConnection->query('INSERT INTO `pedido` (`idCliente`, `fecha`, `estado`, `tipoEntrega`, `direccionEntrega`, `subTotal`, `costoEnvio`, `total`) VALUES (:idCliente:, :fecha:, :estado:, :tipoEntrega:, :direccionEntrega:, :subTotal:, :costoEnvio:, :total:)', [...], false)
 5 SYSTEMPATH\Model.php(355): CodeIgniter\Database\BaseBuilder->insert()
 6 SYSTEMPATH\BaseModel.php(899): CodeIgniter\Model->doInsert([...])
 7 SYSTEMPATH\Model.php(668): CodeIgniter\BaseModel->insert([...], true)
 8 APPPATH\Controllers\Carrito.php(115): CodeIgniter\Model->insert([...])
 9 SYSTEMPATH\CodeIgniter.php(951): App\Controllers\Carrito->agregar()
10 SYSTEMPATH\CodeIgniter.php(497): CodeIgniter\CodeIgniter->runController(Object(App\Controllers\Carrito))
11 SYSTEMPATH\CodeIgniter.php(340): CodeIgniter\CodeIgniter->handleRequest(null, Object(Config\Cache), false)
12 SYSTEMPATH\Boot.php(417): CodeIgniter\CodeIgniter->run()
13 SYSTEMPATH\Boot.php(68): CodeIgniter\Boot::runCodeIgniter(Object(CodeIgniter\CodeIgniter))
14 FCPATH\index.php(59): CodeIgniter\Boot::bootWeb(Object(Config\Paths))
CRITICAL - 2026-09-12 14:55:33 --> CodeIgniter\Database\Exceptions\DatabaseException: Column 'tipoEntrega' cannot be null
[Method: POST, Route: carrito/agregar]
in SYSTEMPATH\Database\BaseConnection.php on line 865.
 1 SYSTEMPATH\Database\BaseBuilder.php(2345): CodeIgniter\Database\BaseConnection->query('INSERT INTO `pedido` (`idCliente`, `fecha`, `estado`, `tipoEntrega`, `direccionEntrega`, `subTotal`, `costoEnvio`, `total`) VALUES (:idCliente:, :fecha:, :estado:, :tipoEntrega:, :direccionEntrega:, :subTotal:, :costoEnvio:, :total:)', [...], false)
 2 SYSTEMPATH\Model.php(355): CodeIgniter\Database\BaseBuilder->insert()
 3 SYSTEMPATH\BaseModel.php(899): CodeIgniter\Model->doInsert([...])
 4 SYSTEMPATH\Model.php(668): CodeIgniter\BaseModel->insert([...], true)
 5 APPPATH\Controllers\Carrito.php(115): CodeIgniter\Model->insert([...])
 6 SYSTEMPATH\CodeIgniter.php(951): App\Controllers\Carrito->agregar()
 7 SYSTEMPATH\CodeIgniter.php(497): CodeIgniter\CodeIgniter->runController(Object(App\Controllers\Carrito))
 8 SYSTEMPATH\CodeIgniter.php(340): CodeIgniter\CodeIgniter->handleRequest(null, Object(Config\Cache), false)
 9 SYSTEMPATH\Boot.php(417): CodeIgniter\CodeIgniter->run()
10 SYSTEMPATH\Boot.php(68): CodeIgniter\Boot::runCodeIgniter(Object(CodeIgniter\CodeIgniter))
11 FCPATH\index.php(59): CodeIgniter\Boot::bootWeb(Object(Config\Paths))
CRITICAL - 2026-09-12 14:55:33 --> [Caused by] CodeIgniter\Database\Exceptions\DatabaseException: Column 'tipoEntrega' cannot be null
in SYSTEMPATH\Database\MySQLi\Connection.php on line 310.
 1 SYSTEMPATH\Database\BaseConnection.php(910): CodeIgniter\Database\MySQLi\Connection->execute('INSERT INTO `pedido` (`idCliente`, `fecha`, `estado`, `tipoEntrega`, `direccionEntrega`, `subTotal`, `costoEnvio`, `total`) VALUES (\'14\', \'2026-09-12 14:55:33\', \'carrito\', NULL, NULL, 0, 0, 0)')
 2 SYSTEMPATH\Database\BaseConnection.php(827): CodeIgniter\Database\BaseConnection->simpleQuery('INSERT INTO `pedido` (`idCliente`, `fecha`, `estado`, `tipoEntrega`, `direccionEntrega`, `subTotal`, `costoEnvio`, `total`) VALUES (\'14\', \'2026-09-12 14:55:33\', \'carrito\', NULL, NULL, 0, 0, 0)')
 3 SYSTEMPATH\Database\BaseBuilder.php(2345): CodeIgniter\Database\BaseConnection->query('INSERT INTO `pedido` (`idCliente`, `fecha`, `estado`, `tipoEntrega`, `direccionEntrega`, `subTotal`, `costoEnvio`, `total`) VALUES (:idCliente:, :fecha:, :estado:, :tipoEntrega:, :direccionEntrega:, :subTotal:, :costoEnvio:, :total:)', [...], false)
 4 SYSTEMPATH\Model.php(355): CodeIgniter\Database\BaseBuilder->insert()
 5 SYSTEMPATH\BaseModel.php(899): CodeIgniter\Model->doInsert([...])
 6 SYSTEMPATH\Model.php(668): CodeIgniter\BaseModel->insert([...], true)
 7 APPPATH\Controllers\Carrito.php(115): CodeIgniter\Model->insert([...])
 8 SYSTEMPATH\CodeIgniter.php(951): App\Controllers\Carrito->agregar()
 9 SYSTEMPATH\CodeIgniter.php(497): CodeIgniter\CodeIgniter->runController(Object(App\Controllers\Carrito))
10 SYSTEMPATH\CodeIgniter.php(340): CodeIgniter\CodeIgniter->handleRequest(null, Object(Config\Cache), false)
11 SYSTEMPATH\Boot.php(417): CodeIgniter\CodeIgniter->run()
12 SYSTEMPATH\Boot.php(68): CodeIgniter\Boot::runCodeIgniter(Object(CodeIgniter\CodeIgniter))
13 FCPATH\index.php(59): CodeIgniter\Boot::bootWeb(Object(Config\Paths))
CRITICAL - 2026-09-12 14:55:33 --> [Caused by] mysqli_sql_exception: Column 'tipoEntrega' cannot be null
in SYSTEMPATH\Database\MySQLi\Connection.php on line 300.
 1 SYSTEMPATH\Database\MySQLi\Connection.php(300): mysqli->query('INSERT INTO `pedido` (`idCliente`, `fecha`, `estado`, `tipoEntrega`, `direccionEntrega`, `subTotal`, `costoEnvio`, `total`) VALUES (\'14\', \'2026-09-12 14:55:33\', \'carrito\', NULL, NULL, 0, 0, 0)', 0)
 2 SYSTEMPATH\Database\BaseConnection.php(910): CodeIgniter\Database\MySQLi\Connection->execute('INSERT INTO `pedido` (`idCliente`, `fecha`, `estado`, `tipoEntrega`, `direccionEntrega`, `subTotal`, `costoEnvio`, `total`) VALUES (\'14\', \'2026-09-12 14:55:33\', \'carrito\', NULL, NULL, 0, 0, 0)')
 3 SYSTEMPATH\Database\BaseConnection.php(827): CodeIgniter\Database\BaseConnection->simpleQuery('INSERT INTO `pedido` (`idCliente`, `fecha`, `estado`, `tipoEntrega`, `direccionEntrega`, `subTotal`, `costoEnvio`, `total`) VALUES (\'14\', \'2026-09-12 14:55:33\', \'carrito\', NULL, NULL, 0, 0, 0)')
 4 SYSTEMPATH\Database\BaseBuilder.php(2345): CodeIgniter\Database\BaseConnection->query('INSERT INTO `pedido` (`idCliente`, `fecha`, `estado`, `tipoEntrega`, `direccionEntrega`, `subTotal`, `costoEnvio`, `total`) VALUES (:idCliente:, :fecha:, :estado:, :tipoEntrega:, :direccionEntrega:, :subTotal:, :costoEnvio:, :total:)', [...], false)
 5 SYSTEMPATH\Model.php(355): CodeIgniter\Database\BaseBuilder->insert()
 6 SYSTEMPATH\BaseModel.php(899): CodeIgniter\Model->doInsert([...])
 7 SYSTEMPATH\Model.php(668): CodeIgniter\BaseModel->insert([...], true)
 8 APPPATH\Controllers\Carrito.php(115): CodeIgniter\Model->insert([...])
 9 SYSTEMPATH\CodeIgniter.php(951): App\Controllers\Carrito->agregar()
10 SYSTEMPATH\CodeIgniter.php(497): CodeIgniter\CodeIgniter->runController(Object(App\Controllers\Carrito))
11 SYSTEMPATH\CodeIgniter.php(340): CodeIgniter\CodeIgniter->handleRequest(null, Object(Config\Cache), false)
12 SYSTEMPATH\Boot.php(417): CodeIgniter\CodeIgniter->run()
13 SYSTEMPATH\Boot.php(68): CodeIgniter\Boot::runCodeIgniter(Object(CodeIgniter\CodeIgniter))
14 FCPATH\index.php(59): CodeIgniter\Boot::bootWeb(Object(Config\Paths))
ERROR - 2026-09-12 14:55:36 --> Column 'tipoEntrega' cannot be null
in SYSTEMPATH\Database\MySQLi\Connection.php on line 300.
 1 SYSTEMPATH\Database\MySQLi\Connection.php(300): mysqli->query('INSERT INTO `pedido` (`idCliente`, `fecha`, `estado`, `tipoEntrega`, `direccionEntrega`, `subTotal`, `costoEnvio`, `total`) VALUES (\'14\', \'2026-09-12 14:55:36\', \'carrito\', NULL, NULL, 0, 0, 0)', 0)
 2 SYSTEMPATH\Database\BaseConnection.php(910): CodeIgniter\Database\MySQLi\Connection->execute('INSERT INTO `pedido` (`idCliente`, `fecha`, `estado`, `tipoEntrega`, `direccionEntrega`, `subTotal`, `costoEnvio`, `total`) VALUES (\'14\', \'2026-09-12 14:55:36\', \'carrito\', NULL, NULL, 0, 0, 0)')
 3 SYSTEMPATH\Database\BaseConnection.php(827): CodeIgniter\Database\BaseConnection->simpleQuery('INSERT INTO `pedido` (`idCliente`, `fecha`, `estado`, `tipoEntrega`, `direccionEntrega`, `subTotal`, `costoEnvio`, `total`) VALUES (\'14\', \'2026-09-12 14:55:36\', \'carrito\', NULL, NULL, 0, 0, 0)')
 4 SYSTEMPATH\Database\BaseBuilder.php(2345): CodeIgniter\Database\BaseConnection->query('INSERT INTO `pedido` (`idCliente`, `fecha`, `estado`, `tipoEntrega`, `direccionEntrega`, `subTotal`, `costoEnvio`, `total`) VALUES (:idCliente:, :fecha:, :estado:, :tipoEntrega:, :direccionEntrega:, :subTotal:, :costoEnvio:, :total:)', [...], false)
 5 SYSTEMPATH\Model.php(355): CodeIgniter\Database\BaseBuilder->insert()
 6 SYSTEMPATH\BaseModel.php(899): CodeIgniter\Model->doInsert([...])
 7 SYSTEMPATH\Model.php(668): CodeIgniter\BaseModel->insert([...], true)
 8 APPPATH\Controllers\Carrito.php(115): CodeIgniter\Model->insert([...])
 9 SYSTEMPATH\CodeIgniter.php(951): App\Controllers\Carrito->agregar()
10 SYSTEMPATH\CodeIgniter.php(497): CodeIgniter\CodeIgniter->runController(Object(App\Controllers\Carrito))
11 SYSTEMPATH\CodeIgniter.php(340): CodeIgniter\CodeIgniter->handleRequest(null, Object(Config\Cache), false)
12 SYSTEMPATH\Boot.php(417): CodeIgniter\CodeIgniter->run()
13 SYSTEMPATH\Boot.php(68): CodeIgniter\Boot::runCodeIgniter(Object(CodeIgniter\CodeIgniter))
14 FCPATH\index.php(59): CodeIgniter\Boot::bootWeb(Object(Config\Paths))
CRITICAL - 2026-09-12 14:55:36 --> CodeIgniter\Database\Exceptions\DatabaseException: Column 'tipoEntrega' cannot be null
[Method: POST, Route: carrito/agregar]
in SYSTEMPATH\Database\BaseConnection.php on line 865.
 1 SYSTEMPATH\Database\BaseBuilder.php(2345): CodeIgniter\Database\BaseConnection->query('INSERT INTO `pedido` (`idCliente`, `fecha`, `estado`, `tipoEntrega`, `direccionEntrega`, `subTotal`, `costoEnvio`, `total`) VALUES (:idCliente:, :fecha:, :estado:, :tipoEntrega:, :direccionEntrega:, :subTotal:, :costoEnvio:, :total:)', [...], false)
 2 SYSTEMPATH\Model.php(355): CodeIgniter\Database\BaseBuilder->insert()
 3 SYSTEMPATH\BaseModel.php(899): CodeIgniter\Model->doInsert([...])
 4 SYSTEMPATH\Model.php(668): CodeIgniter\BaseModel->insert([...], true)
 5 APPPATH\Controllers\Carrito.php(115): CodeIgniter\Model->insert([...])
 6 SYSTEMPATH\CodeIgniter.php(951): App\Controllers\Carrito->agregar()
 7 SYSTEMPATH\CodeIgniter.php(497): CodeIgniter\CodeIgniter->runController(Object(App\Controllers\Carrito))
 8 SYSTEMPATH\CodeIgniter.php(340): CodeIgniter\CodeIgniter->handleRequest(null, Object(Config\Cache), false)
 9 SYSTEMPATH\Boot.php(417): CodeIgniter\CodeIgniter->run()
10 SYSTEMPATH\Boot.php(68): CodeIgniter\Boot::runCodeIgniter(Object(CodeIgniter\CodeIgniter))
11 FCPATH\index.php(59): CodeIgniter\Boot::bootWeb(Object(Config\Paths))
CRITICAL - 2026-09-12 14:55:36 --> [Caused by] CodeIgniter\Database\Exceptions\DatabaseException: Column 'tipoEntrega' cannot be null
in SYSTEMPATH\Database\MySQLi\Connection.php on line 310.
 1 SYSTEMPATH\Database\BaseConnection.php(910): CodeIgniter\Database\MySQLi\Connection->execute('INSERT INTO `pedido` (`idCliente`, `fecha`, `estado`, `tipoEntrega`, `direccionEntrega`, `subTotal`, `costoEnvio`, `total`) VALUES (\'14\', \'2026-09-12 14:55:36\', \'carrito\', NULL, NULL, 0, 0, 0)')
 2 SYSTEMPATH\Database\BaseConnection.php(827): CodeIgniter\Database\BaseConnection->simpleQuery('INSERT INTO `pedido` (`idCliente`, `fecha`, `estado`, `tipoEntrega`, `direccionEntrega`, `subTotal`, `costoEnvio`, `total`) VALUES (\'14\', \'2026-09-12 14:55:36\', \'carrito\', NULL, NULL, 0, 0, 0)')
 3 SYSTEMPATH\Database\BaseBuilder.php(2345): CodeIgniter\Database\BaseConnection->query('INSERT INTO `pedido` (`idCliente`, `fecha`, `estado`, `tipoEntrega`, `direccionEntrega`, `subTotal`, `costoEnvio`, `total`) VALUES (:idCliente:, :fecha:, :estado:, :tipoEntrega:, :direccionEntrega:, :subTotal:, :costoEnvio:, :total:)', [...], false)
 4 SYSTEMPATH\Model.php(355): CodeIgniter\Database\BaseBuilder->insert()
 5 SYSTEMPATH\BaseModel.php(899): CodeIgniter\Model->doInsert([...])
 6 SYSTEMPATH\Model.php(668): CodeIgniter\BaseModel->insert([...], true)
 7 APPPATH\Controllers\Carrito.php(115): CodeIgniter\Model->insert([...])
 8 SYSTEMPATH\CodeIgniter.php(951): App\Controllers\Carrito->agregar()
 9 SYSTEMPATH\CodeIgniter.php(497): CodeIgniter\CodeIgniter->runController(Object(App\Controllers\Carrito))
10 SYSTEMPATH\CodeIgniter.php(340): CodeIgniter\CodeIgniter->handleRequest(null, Object(Config\Cache), false)
11 SYSTEMPATH\Boot.php(417): CodeIgniter\CodeIgniter->run()
12 SYSTEMPATH\Boot.php(68): CodeIgniter\Boot::runCodeIgniter(Object(CodeIgniter\CodeIgniter))
13 FCPATH\index.php(59): CodeIgniter\Boot::bootWeb(Object(Config\Paths))
CRITICAL - 2026-09-12 14:55:36 --> [Caused by] mysqli_sql_exception: Column 'tipoEntrega' cannot be null
in SYSTEMPATH\Database\MySQLi\Connection.php on line 300.
 1 SYSTEMPATH\Database\MySQLi\Connection.php(300): mysqli->query('INSERT INTO `pedido` (`idCliente`, `fecha`, `estado`, `tipoEntrega`, `direccionEntrega`, `subTotal`, `costoEnvio`, `total`) VALUES (\'14\', \'2026-09-12 14:55:36\', \'carrito\', NULL, NULL, 0, 0, 0)', 0)
 2 SYSTEMPATH\Database\BaseConnection.php(910): CodeIgniter\Database\MySQLi\Connection->execute('INSERT INTO `pedido` (`idCliente`, `fecha`, `estado`, `tipoEntrega`, `direccionEntrega`, `subTotal`, `costoEnvio`, `total`) VALUES (\'14\', \'2026-09-12 14:55:36\', \'carrito\', NULL, NULL, 0, 0, 0)')
 3 SYSTEMPATH\Database\BaseConnection.php(827): CodeIgniter\Database\BaseConnection->simpleQuery('INSERT INTO `pedido` (`idCliente`, `fecha`, `estado`, `tipoEntrega`, `direccionEntrega`, `subTotal`, `costoEnvio`, `total`) VALUES (\'14\', \'2026-09-12 14:55:36\', \'carrito\', NULL, NULL, 0, 0, 0)')
 4 SYSTEMPATH\Database\BaseBuilder.php(2345): CodeIgniter\Database\BaseConnection->query('INSERT INTO `pedido` (`idCliente`, `fecha`, `estado`, `tipoEntrega`, `direccionEntrega`, `subTotal`, `costoEnvio`, `total`) VALUES (:idCliente:, :fecha:, :estado:, :tipoEntrega:, :direccionEntrega:, :subTotal:, :costoEnvio:, :total:)', [...], false)
 5 SYSTEMPATH\Model.php(355): CodeIgniter\Database\BaseBuilder->insert()
 6 SYSTEMPATH\BaseModel.php(899): CodeIgniter\Model->doInsert([...])
 7 SYSTEMPATH\Model.php(668): CodeIgniter\BaseModel->insert([...], true)
 8 APPPATH\Controllers\Carrito.php(115): CodeIgniter\Model->insert([...])
 9 SYSTEMPATH\CodeIgniter.php(951): App\Controllers\Carrito->agregar()
10 SYSTEMPATH\CodeIgniter.php(497): CodeIgniter\CodeIgniter->runController(Object(App\Controllers\Carrito))
11 SYSTEMPATH\CodeIgniter.php(340): CodeIgniter\CodeIgniter->handleRequest(null, Object(Config\Cache), false)
12 SYSTEMPATH\Boot.php(417): CodeIgniter\CodeIgniter->run()
13 SYSTEMPATH\Boot.php(68): CodeIgniter\Boot::runCodeIgniter(Object(CodeIgniter\CodeIgniter))
14 FCPATH\index.php(59): CodeIgniter\Boot::bootWeb(Object(Config\Paths))
ERROR - 2026-09-12 14:55:58 --> Column 'tipoEntrega' cannot be null
in SYSTEMPATH\Database\MySQLi\Connection.php on line 300.
 1 SYSTEMPATH\Database\MySQLi\Connection.php(300): mysqli->query('INSERT INTO `pedido` (`idCliente`, `fecha`, `estado`, `tipoEntrega`, `direccionEntrega`, `subTotal`, `costoEnvio`, `total`) VALUES (\'14\', \'2026-09-12 14:55:58\', \'carrito\', NULL, NULL, 0, 0, 0)', 0)
 2 SYSTEMPATH\Database\BaseConnection.php(910): CodeIgniter\Database\MySQLi\Connection->execute('INSERT INTO `pedido` (`idCliente`, `fecha`, `estado`, `tipoEntrega`, `direccionEntrega`, `subTotal`, `costoEnvio`, `total`) VALUES (\'14\', \'2026-09-12 14:55:58\', \'carrito\', NULL, NULL, 0, 0, 0)')
 3 SYSTEMPATH\Database\BaseConnection.php(827): CodeIgniter\Database\BaseConnection->simpleQuery('INSERT INTO `pedido` (`idCliente`, `fecha`, `estado`, `tipoEntrega`, `direccionEntrega`, `subTotal`, `costoEnvio`, `total`) VALUES (\'14\', \'2026-09-12 14:55:58\', \'carrito\', NULL, NULL, 0, 0, 0)')
 4 SYSTEMPATH\Database\BaseBuilder.php(2345): CodeIgniter\Database\BaseConnection->query('INSERT INTO `pedido` (`idCliente`, `fecha`, `estado`, `tipoEntrega`, `direccionEntrega`, `subTotal`, `costoEnvio`, `total`) VALUES (:idCliente:, :fecha:, :estado:, :tipoEntrega:, :direccionEntrega:, :subTotal:, :costoEnvio:, :total:)', [...], false)
 5 SYSTEMPATH\Model.php(355): CodeIgniter\Database\BaseBuilder->insert()
 6 SYSTEMPATH\BaseModel.php(899): CodeIgniter\Model->doInsert([...])
 7 SYSTEMPATH\Model.php(668): CodeIgniter\BaseModel->insert([...], true)
 8 APPPATH\Controllers\Carrito.php(115): CodeIgniter\Model->insert([...])
 9 SYSTEMPATH\CodeIgniter.php(951): App\Controllers\Carrito->agregar()
10 SYSTEMPATH\CodeIgniter.php(497): CodeIgniter\CodeIgniter->runController(Object(App\Controllers\Carrito))
11 SYSTEMPATH\CodeIgniter.php(340): CodeIgniter\CodeIgniter->handleRequest(null, Object(Config\Cache), false)
12 SYSTEMPATH\Boot.php(417): CodeIgniter\CodeIgniter->run()
13 SYSTEMPATH\Boot.php(68): CodeIgniter\Boot::runCodeIgniter(Object(CodeIgniter\CodeIgniter))
14 FCPATH\index.php(59): CodeIgniter\Boot::bootWeb(Object(Config\Paths))
CRITICAL - 2026-09-12 14:55:58 --> CodeIgniter\Database\Exceptions\DatabaseException: Column 'tipoEntrega' cannot be null
[Method: POST, Route: carrito/agregar]
in SYSTEMPATH\Database\BaseConnection.php on line 865.
 1 SYSTEMPATH\Database\BaseBuilder.php(2345): CodeIgniter\Database\BaseConnection->query('INSERT INTO `pedido` (`idCliente`, `fecha`, `estado`, `tipoEntrega`, `direccionEntrega`, `subTotal`, `costoEnvio`, `total`) VALUES (:idCliente:, :fecha:, :estado:, :tipoEntrega:, :direccionEntrega:, :subTotal:, :costoEnvio:, :total:)', [...], false)
 2 SYSTEMPATH\Model.php(355): CodeIgniter\Database\BaseBuilder->insert()
 3 SYSTEMPATH\BaseModel.php(899): CodeIgniter\Model->doInsert([...])
 4 SYSTEMPATH\Model.php(668): CodeIgniter\BaseModel->insert([...], true)
 5 APPPATH\Controllers\Carrito.php(115): CodeIgniter\Model->insert([...])
 6 SYSTEMPATH\CodeIgniter.php(951): App\Controllers\Carrito->agregar()
 7 SYSTEMPATH\CodeIgniter.php(497): CodeIgniter\CodeIgniter->runController(Object(App\Controllers\Carrito))
 8 SYSTEMPATH\CodeIgniter.php(340): CodeIgniter\CodeIgniter->handleRequest(null, Object(Config\Cache), false)
 9 SYSTEMPATH\Boot.php(417): CodeIgniter\CodeIgniter->run()
10 SYSTEMPATH\Boot.php(68): CodeIgniter\Boot::runCodeIgniter(Object(CodeIgniter\CodeIgniter))
11 FCPATH\index.php(59): CodeIgniter\Boot::bootWeb(Object(Config\Paths))
CRITICAL - 2026-09-12 14:55:58 --> [Caused by] CodeIgniter\Database\Exceptions\DatabaseException: Column 'tipoEntrega' cannot be null
in SYSTEMPATH\Database\MySQLi\Connection.php on line 310.
 1 SYSTEMPATH\Database\BaseConnection.php(910): CodeIgniter\Database\MySQLi\Connection->execute('INSERT INTO `pedido` (`idCliente`, `fecha`, `estado`, `tipoEntrega`, `direccionEntrega`, `subTotal`, `costoEnvio`, `total`) VALUES (\'14\', \'2026-09-12 14:55:58\', \'carrito\', NULL, NULL, 0, 0, 0)')
 2 SYSTEMPATH\Database\BaseConnection.php(827): CodeIgniter\Database\BaseConnection->simpleQuery('INSERT INTO `pedido` (`idCliente`, `fecha`, `estado`, `tipoEntrega`, `direccionEntrega`, `subTotal`, `costoEnvio`, `total`) VALUES (\'14\', \'2026-09-12 14:55:58\', \'carrito\', NULL, NULL, 0, 0, 0)')
 3 SYSTEMPATH\Database\BaseBuilder.php(2345): CodeIgniter\Database\BaseConnection->query('INSERT INTO `pedido` (`idCliente`, `fecha`, `estado`, `tipoEntrega`, `direccionEntrega`, `subTotal`, `costoEnvio`, `total`) VALUES (:idCliente:, :fecha:, :estado:, :tipoEntrega:, :direccionEntrega:, :subTotal:, :costoEnvio:, :total:)', [...], false)
 4 SYSTEMPATH\Model.php(355): CodeIgniter\Database\BaseBuilder->insert()
 5 SYSTEMPATH\BaseModel.php(899): CodeIgniter\Model->doInsert([...])
 6 SYSTEMPATH\Model.php(668): CodeIgniter\BaseModel->insert([...], true)
 7 APPPATH\Controllers\Carrito.php(115): CodeIgniter\Model->insert([...])
 8 SYSTEMPATH\CodeIgniter.php(951): App\Controllers\Carrito->agregar()
 9 SYSTEMPATH\CodeIgniter.php(497): CodeIgniter\CodeIgniter->runController(Object(App\Controllers\Carrito))
10 SYSTEMPATH\CodeIgniter.php(340): CodeIgniter\CodeIgniter->handleRequest(null, Object(Config\Cache), false)
11 SYSTEMPATH\Boot.php(417): CodeIgniter\CodeIgniter->run()
12 SYSTEMPATH\Boot.php(68): CodeIgniter\Boot::runCodeIgniter(Object(CodeIgniter\CodeIgniter))
13 FCPATH\index.php(59): CodeIgniter\Boot::bootWeb(Object(Config\Paths))
CRITICAL - 2026-09-12 14:55:58 --> [Caused by] mysqli_sql_exception: Column 'tipoEntrega' cannot be null
in SYSTEMPATH\Database\MySQLi\Connection.php on line 300.
 1 SYSTEMPATH\Database\MySQLi\Connection.php(300): mysqli->query('INSERT INTO `pedido` (`idCliente`, `fecha`, `estado`, `tipoEntrega`, `direccionEntrega`, `subTotal`, `costoEnvio`, `total`) VALUES (\'14\', \'2026-09-12 14:55:58\', \'carrito\', NULL, NULL, 0, 0, 0)', 0)
 2 SYSTEMPATH\Database\BaseConnection.php(910): CodeIgniter\Database\MySQLi\Connection->execute('INSERT INTO `pedido` (`idCliente`, `fecha`, `estado`, `tipoEntrega`, `direccionEntrega`, `subTotal`, `costoEnvio`, `total`) VALUES (\'14\', \'2026-09-12 14:55:58\', \'carrito\', NULL, NULL, 0, 0, 0)')
 3 SYSTEMPATH\Database\BaseConnection.php(827): CodeIgniter\Database\BaseConnection->simpleQuery('INSERT INTO `pedido` (`idCliente`, `fecha`, `estado`, `tipoEntrega`, `direccionEntrega`, `subTotal`, `costoEnvio`, `total`) VALUES (\'14\', \'2026-09-12 14:55:58\', \'carrito\', NULL, NULL, 0, 0, 0)')
 4 SYSTEMPATH\Database\BaseBuilder.php(2345): CodeIgniter\Database\BaseConnection->query('INSERT INTO `pedido` (`idCliente`, `fecha`, `estado`, `tipoEntrega`, `direccionEntrega`, `subTotal`, `costoEnvio`, `total`) VALUES (:idCliente:, :fecha:, :estado:, :tipoEntrega:, :direccionEntrega:, :subTotal:, :costoEnvio:, :total:)', [...], false)
 5 SYSTEMPATH\Model.php(355): CodeIgniter\Database\BaseBuilder->insert()
 6 SYSTEMPATH\BaseModel.php(899): CodeIgniter\Model->doInsert([...])
 7 SYSTEMPATH\Model.php(668): CodeIgniter\BaseModel->insert([...], true)
 8 APPPATH\Controllers\Carrito.php(115): CodeIgniter\Model->insert([...])
 9 SYSTEMPATH\CodeIgniter.php(951): App\Controllers\Carrito->agregar()
10 SYSTEMPATH\CodeIgniter.php(497): CodeIgniter\CodeIgniter->runController(Object(App\Controllers\Carrito))
11 SYSTEMPATH\CodeIgniter.php(340): CodeIgniter\CodeIgniter->handleRequest(null, Object(Config\Cache), false)
12 SYSTEMPATH\Boot.php(417): CodeIgniter\CodeIgniter->run()
13 SYSTEMPATH\Boot.php(68): CodeIgniter\Boot::runCodeIgniter(Object(CodeIgniter\CodeIgniter))
14 FCPATH\index.php(59): CodeIgniter\Boot::bootWeb(Object(Config\Paths))
ERROR - 2026-09-12 14:57:59 --> Column 'tipoEntrega' cannot be null
in SYSTEMPATH\Database\MySQLi\Connection.php on line 300.
 1 SYSTEMPATH\Database\MySQLi\Connection.php(300): mysqli->query('INSERT INTO `pedido` (`idCliente`, `fecha`, `estado`, `tipoEntrega`, `direccionEntrega`, `subTotal`, `costoEnvio`, `total`) VALUES (\'14\', \'2026-09-12 14:57:59\', \'carrito\', NULL, NULL, 0, 0, 0)', 0)
 2 SYSTEMPATH\Database\BaseConnection.php(910): CodeIgniter\Database\MySQLi\Connection->execute('INSERT INTO `pedido` (`idCliente`, `fecha`, `estado`, `tipoEntrega`, `direccionEntrega`, `subTotal`, `costoEnvio`, `total`) VALUES (\'14\', \'2026-09-12 14:57:59\', \'carrito\', NULL, NULL, 0, 0, 0)')
 3 SYSTEMPATH\Database\BaseConnection.php(827): CodeIgniter\Database\BaseConnection->simpleQuery('INSERT INTO `pedido` (`idCliente`, `fecha`, `estado`, `tipoEntrega`, `direccionEntrega`, `subTotal`, `costoEnvio`, `total`) VALUES (\'14\', \'2026-09-12 14:57:59\', \'carrito\', NULL, NULL, 0, 0, 0)')
 4 SYSTEMPATH\Database\BaseBuilder.php(2345): CodeIgniter\Database\BaseConnection->query('INSERT INTO `pedido` (`idCliente`, `fecha`, `estado`, `tipoEntrega`, `direccionEntrega`, `subTotal`, `costoEnvio`, `total`) VALUES (:idCliente:, :fecha:, :estado:, :tipoEntrega:, :direccionEntrega:, :subTotal:, :costoEnvio:, :total:)', [...], false)
 5 SYSTEMPATH\Model.php(355): CodeIgniter\Database\BaseBuilder->insert()
 6 SYSTEMPATH\BaseModel.php(899): CodeIgniter\Model->doInsert([...])
 7 SYSTEMPATH\Model.php(668): CodeIgniter\BaseModel->insert([...], true)
 8 APPPATH\Controllers\Carrito.php(115): CodeIgniter\Model->insert([...])
 9 SYSTEMPATH\CodeIgniter.php(951): App\Controllers\Carrito->agregar()
10 SYSTEMPATH\CodeIgniter.php(497): CodeIgniter\CodeIgniter->runController(Object(App\Controllers\Carrito))
11 SYSTEMPATH\CodeIgniter.php(340): CodeIgniter\CodeIgniter->handleRequest(null, Object(Config\Cache), false)
12 SYSTEMPATH\Boot.php(417): CodeIgniter\CodeIgniter->run()
13 SYSTEMPATH\Boot.php(68): CodeIgniter\Boot::runCodeIgniter(Object(CodeIgniter\CodeIgniter))
14 FCPATH\index.php(59): CodeIgniter\Boot::bootWeb(Object(Config\Paths))
CRITICAL - 2026-09-12 14:57:59 --> CodeIgniter\Database\Exceptions\DatabaseException: Column 'tipoEntrega' cannot be null
[Method: POST, Route: carrito/agregar]
in SYSTEMPATH\Database\BaseConnection.php on line 865.
 1 SYSTEMPATH\Database\BaseBuilder.php(2345): CodeIgniter\Database\BaseConnection->query('INSERT INTO `pedido` (`idCliente`, `fecha`, `estado`, `tipoEntrega`, `direccionEntrega`, `subTotal`, `costoEnvio`, `total`) VALUES (:idCliente:, :fecha:, :estado:, :tipoEntrega:, :direccionEntrega:, :subTotal:, :costoEnvio:, :total:)', [...], false)
 2 SYSTEMPATH\Model.php(355): CodeIgniter\Database\BaseBuilder->insert()
 3 SYSTEMPATH\BaseModel.php(899): CodeIgniter\Model->doInsert([...])
 4 SYSTEMPATH\Model.php(668): CodeIgniter\BaseModel->insert([...], true)
 5 APPPATH\Controllers\Carrito.php(115): CodeIgniter\Model->insert([...])
 6 SYSTEMPATH\CodeIgniter.php(951): App\Controllers\Carrito->agregar()
 7 SYSTEMPATH\CodeIgniter.php(497): CodeIgniter\CodeIgniter->runController(Object(App\Controllers\Carrito))
 8 SYSTEMPATH\CodeIgniter.php(340): CodeIgniter\CodeIgniter->handleRequest(null, Object(Config\Cache), false)
 9 SYSTEMPATH\Boot.php(417): CodeIgniter\CodeIgniter->run()
10 SYSTEMPATH\Boot.php(68): CodeIgniter\Boot::runCodeIgniter(Object(CodeIgniter\CodeIgniter))
11 FCPATH\index.php(59): CodeIgniter\Boot::bootWeb(Object(Config\Paths))
CRITICAL - 2026-09-12 14:57:59 --> [Caused by] CodeIgniter\Database\Exceptions\DatabaseException: Column 'tipoEntrega' cannot be null
in SYSTEMPATH\Database\MySQLi\Connection.php on line 310.
 1 SYSTEMPATH\Database\BaseConnection.php(910): CodeIgniter\Database\MySQLi\Connection->execute('INSERT INTO `pedido` (`idCliente`, `fecha`, `estado`, `tipoEntrega`, `direccionEntrega`, `subTotal`, `costoEnvio`, `total`) VALUES (\'14\', \'2026-09-12 14:57:59\', \'carrito\', NULL, NULL, 0, 0, 0)')
 2 SYSTEMPATH\Database\BaseConnection.php(827): CodeIgniter\Database\BaseConnection->simpleQuery('INSERT INTO `pedido` (`idCliente`, `fecha`, `estado`, `tipoEntrega`, `direccionEntrega`, `subTotal`, `costoEnvio`, `total`) VALUES (\'14\', \'2026-09-12 14:57:59\', \'carrito\', NULL, NULL, 0, 0, 0)')
 3 SYSTEMPATH\Database\BaseBuilder.php(2345): CodeIgniter\Database\BaseConnection->query('INSERT INTO `pedido` (`idCliente`, `fecha`, `estado`, `tipoEntrega`, `direccionEntrega`, `subTotal`, `costoEnvio`, `total`) VALUES (:idCliente:, :fecha:, :estado:, :tipoEntrega:, :direccionEntrega:, :subTotal:, :costoEnvio:, :total:)', [...], false)
 4 SYSTEMPATH\Model.php(355): CodeIgniter\Database\BaseBuilder->insert()
 5 SYSTEMPATH\BaseModel.php(899): CodeIgniter\Model->doInsert([...])
 6 SYSTEMPATH\Model.php(668): CodeIgniter\BaseModel->insert([...], true)
 7 APPPATH\Controllers\Carrito.php(115): CodeIgniter\Model->insert([...])
 8 SYSTEMPATH\CodeIgniter.php(951): App\Controllers\Carrito->agregar()
 9 SYSTEMPATH\CodeIgniter.php(497): CodeIgniter\CodeIgniter->runController(Object(App\Controllers\Carrito))
10 SYSTEMPATH\CodeIgniter.php(340): CodeIgniter\CodeIgniter->handleRequest(null, Object(Config\Cache), false)
11 SYSTEMPATH\Boot.php(417): CodeIgniter\CodeIgniter->run()
12 SYSTEMPATH\Boot.php(68): CodeIgniter\Boot::runCodeIgniter(Object(CodeIgniter\CodeIgniter))
13 FCPATH\index.php(59): CodeIgniter\Boot::bootWeb(Object(Config\Paths))
CRITICAL - 2026-09-12 14:57:59 --> [Caused by] mysqli_sql_exception: Column 'tipoEntrega' cannot be null
in SYSTEMPATH\Database\MySQLi\Connection.php on line 300.
 1 SYSTEMPATH\Database\MySQLi\Connection.php(300): mysqli->query('INSERT INTO `pedido` (`idCliente`, `fecha`, `estado`, `tipoEntrega`, `direccionEntrega`, `subTotal`, `costoEnvio`, `total`) VALUES (\'14\', \'2026-09-12 14:57:59\', \'carrito\', NULL, NULL, 0, 0, 0)', 0)
 2 SYSTEMPATH\Database\BaseConnection.php(910): CodeIgniter\Database\MySQLi\Connection->execute('INSERT INTO `pedido` (`idCliente`, `fecha`, `estado`, `tipoEntrega`, `direccionEntrega`, `subTotal`, `costoEnvio`, `total`) VALUES (\'14\', \'2026-09-12 14:57:59\', \'carrito\', NULL, NULL, 0, 0, 0)')
 3 SYSTEMPATH\Database\BaseConnection.php(827): CodeIgniter\Database\BaseConnection->simpleQuery('INSERT INTO `pedido` (`idCliente`, `fecha`, `estado`, `tipoEntrega`, `direccionEntrega`, `subTotal`, `costoEnvio`, `total`) VALUES (\'14\', \'2026-09-12 14:57:59\', \'carrito\', NULL, NULL, 0, 0, 0)')
 4 SYSTEMPATH\Database\BaseBuilder.php(2345): CodeIgniter\Database\BaseConnection->query('INSERT INTO `pedido` (`idCliente`, `fecha`, `estado`, `tipoEntrega`, `direccionEntrega`, `subTotal`, `costoEnvio`, `total`) VALUES (:idCliente:, :fecha:, :estado:, :tipoEntrega:, :direccionEntrega:, :subTotal:, :costoEnvio:, :total:)', [...], false)
 5 SYSTEMPATH\Model.php(355): CodeIgniter\Database\BaseBuilder->insert()
 6 SYSTEMPATH\BaseModel.php(899): CodeIgniter\Model->doInsert([...])
 7 SYSTEMPATH\Model.php(668): CodeIgniter\BaseModel->insert([...], true)
 8 APPPATH\Controllers\Carrito.php(115): CodeIgniter\Model->insert([...])
 9 SYSTEMPATH\CodeIgniter.php(951): App\Controllers\Carrito->agregar()
10 SYSTEMPATH\CodeIgniter.php(497): CodeIgniter\CodeIgniter->runController(Object(App\Controllers\Carrito))
11 SYSTEMPATH\CodeIgniter.php(340): CodeIgniter\CodeIgniter->handleRequest(null, Object(Config\Cache), false)
12 SYSTEMPATH\Boot.php(417): CodeIgniter\CodeIgniter->run()
13 SYSTEMPATH\Boot.php(68): CodeIgniter\Boot::runCodeIgniter(Object(CodeIgniter\CodeIgniter))
14 FCPATH\index.php(59): CodeIgniter\Boot::bootWeb(Object(Config\Paths))
ERROR - 2026-09-12 15:00:09 --> Column 'tipoEntrega' cannot be null
in SYSTEMPATH\Database\MySQLi\Connection.php on line 300.
 1 SYSTEMPATH\Database\MySQLi\Connection.php(300): mysqli->query('INSERT INTO `pedido` (`idCliente`, `fecha`, `estado`, `tipoEntrega`, `direccionEntrega`, `subTotal`, `costoEnvio`, `total`) VALUES (\'14\', \'2026-09-12 15:00:09\', \'carrito\', NULL, NULL, 0, 0, 0)', 0)
 2 SYSTEMPATH\Database\BaseConnection.php(910): CodeIgniter\Database\MySQLi\Connection->execute('INSERT INTO `pedido` (`idCliente`, `fecha`, `estado`, `tipoEntrega`, `direccionEntrega`, `subTotal`, `costoEnvio`, `total`) VALUES (\'14\', \'2026-09-12 15:00:09\', \'carrito\', NULL, NULL, 0, 0, 0)')
 3 SYSTEMPATH\Database\BaseConnection.php(827): CodeIgniter\Database\BaseConnection->simpleQuery('INSERT INTO `pedido` (`idCliente`, `fecha`, `estado`, `tipoEntrega`, `direccionEntrega`, `subTotal`, `costoEnvio`, `total`) VALUES (\'14\', \'2026-09-12 15:00:09\', \'carrito\', NULL, NULL, 0, 0, 0)')
 4 SYSTEMPATH\Database\BaseBuilder.php(2345): CodeIgniter\Database\BaseConnection->query('INSERT INTO `pedido` (`idCliente`, `fecha`, `estado`, `tipoEntrega`, `direccionEntrega`, `subTotal`, `costoEnvio`, `total`) VALUES (:idCliente:, :fecha:, :estado:, :tipoEntrega:, :direccionEntrega:, :subTotal:, :costoEnvio:, :total:)', [...], false)
 5 SYSTEMPATH\Model.php(355): CodeIgniter\Database\BaseBuilder->insert()
 6 SYSTEMPATH\BaseModel.php(899): CodeIgniter\Model->doInsert([...])
 7 SYSTEMPATH\Model.php(668): CodeIgniter\BaseModel->insert([...], true)
 8 APPPATH\Controllers\Carrito.php(115): CodeIgniter\Model->insert([...])
 9 SYSTEMPATH\CodeIgniter.php(951): App\Controllers\Carrito->agregar()
10 SYSTEMPATH\CodeIgniter.php(497): CodeIgniter\CodeIgniter->runController(Object(App\Controllers\Carrito))
11 SYSTEMPATH\CodeIgniter.php(340): CodeIgniter\CodeIgniter->handleRequest(null, Object(Config\Cache), false)
12 SYSTEMPATH\Boot.php(417): CodeIgniter\CodeIgniter->run()
13 SYSTEMPATH\Boot.php(68): CodeIgniter\Boot::runCodeIgniter(Object(CodeIgniter\CodeIgniter))
14 FCPATH\index.php(59): CodeIgniter\Boot::bootWeb(Object(Config\Paths))
CRITICAL - 2026-09-12 15:00:09 --> CodeIgniter\Database\Exceptions\DatabaseException: Column 'tipoEntrega' cannot be null
[Method: POST, Route: carrito/agregar]
in SYSTEMPATH\Database\BaseConnection.php on line 865.
 1 SYSTEMPATH\Database\BaseBuilder.php(2345): CodeIgniter\Database\BaseConnection->query('INSERT INTO `pedido` (`idCliente`, `fecha`, `estado`, `tipoEntrega`, `direccionEntrega`, `subTotal`, `costoEnvio`, `total`) VALUES (:idCliente:, :fecha:, :estado:, :tipoEntrega:, :direccionEntrega:, :subTotal:, :costoEnvio:, :total:)', [...], false)
 2 SYSTEMPATH\Model.php(355): CodeIgniter\Database\BaseBuilder->insert()
 3 SYSTEMPATH\BaseModel.php(899): CodeIgniter\Model->doInsert([...])
 4 SYSTEMPATH\Model.php(668): CodeIgniter\BaseModel->insert([...], true)
 5 APPPATH\Controllers\Carrito.php(115): CodeIgniter\Model->insert([...])
 6 SYSTEMPATH\CodeIgniter.php(951): App\Controllers\Carrito->agregar()
 7 SYSTEMPATH\CodeIgniter.php(497): CodeIgniter\CodeIgniter->runController(Object(App\Controllers\Carrito))
 8 SYSTEMPATH\CodeIgniter.php(340): CodeIgniter\CodeIgniter->handleRequest(null, Object(Config\Cache), false)
 9 SYSTEMPATH\Boot.php(417): CodeIgniter\CodeIgniter->run()
10 SYSTEMPATH\Boot.php(68): CodeIgniter\Boot::runCodeIgniter(Object(CodeIgniter\CodeIgniter))
11 FCPATH\index.php(59): CodeIgniter\Boot::bootWeb(Object(Config\Paths))
CRITICAL - 2026-09-12 15:00:09 --> [Caused by] CodeIgniter\Database\Exceptions\DatabaseException: Column 'tipoEntrega' cannot be null
in SYSTEMPATH\Database\MySQLi\Connection.php on line 310.
 1 SYSTEMPATH\Database\BaseConnection.php(910): CodeIgniter\Database\MySQLi\Connection->execute('INSERT INTO `pedido` (`idCliente`, `fecha`, `estado`, `tipoEntrega`, `direccionEntrega`, `subTotal`, `costoEnvio`, `total`) VALUES (\'14\', \'2026-09-12 15:00:09\', \'carrito\', NULL, NULL, 0, 0, 0)')
 2 SYSTEMPATH\Database\BaseConnection.php(827): CodeIgniter\Database\BaseConnection->simpleQuery('INSERT INTO `pedido` (`idCliente`, `fecha`, `estado`, `tipoEntrega`, `direccionEntrega`, `subTotal`, `costoEnvio`, `total`) VALUES (\'14\', \'2026-09-12 15:00:09\', \'carrito\', NULL, NULL, 0, 0, 0)')
 3 SYSTEMPATH\Database\BaseBuilder.php(2345): CodeIgniter\Database\BaseConnection->query('INSERT INTO `pedido` (`idCliente`, `fecha`, `estado`, `tipoEntrega`, `direccionEntrega`, `subTotal`, `costoEnvio`, `total`) VALUES (:idCliente:, :fecha:, :estado:, :tipoEntrega:, :direccionEntrega:, :subTotal:, :costoEnvio:, :total:)', [...], false)
 4 SYSTEMPATH\Model.php(355): CodeIgniter\Database\BaseBuilder->insert()
 5 SYSTEMPATH\BaseModel.php(899): CodeIgniter\Model->doInsert([...])
 6 SYSTEMPATH\Model.php(668): CodeIgniter\BaseModel->insert([...], true)
 7 APPPATH\Controllers\Carrito.php(115): CodeIgniter\Model->insert([...])
 8 SYSTEMPATH\CodeIgniter.php(951): App\Controllers\Carrito->agregar()
 9 SYSTEMPATH\CodeIgniter.php(497): CodeIgniter\CodeIgniter->runController(Object(App\Controllers\Carrito))
10 SYSTEMPATH\CodeIgniter.php(340): CodeIgniter\CodeIgniter->handleRequest(null, Object(Config\Cache), false)
11 SYSTEMPATH\Boot.php(417): CodeIgniter\CodeIgniter->run()
12 SYSTEMPATH\Boot.php(68): CodeIgniter\Boot::runCodeIgniter(Object(CodeIgniter\CodeIgniter))
13 FCPATH\index.php(59): CodeIgniter\Boot::bootWeb(Object(Config\Paths))
CRITICAL - 2026-09-12 15:00:09 --> [Caused by] mysqli_sql_exception: Column 'tipoEntrega' cannot be null
in SYSTEMPATH\Database\MySQLi\Connection.php on line 300.
 1 SYSTEMPATH\Database\MySQLi\Connection.php(300): mysqli->query('INSERT INTO `pedido` (`idCliente`, `fecha`, `estado`, `tipoEntrega`, `direccionEntrega`, `subTotal`, `costoEnvio`, `total`) VALUES (\'14\', \'2026-09-12 15:00:09\', \'carrito\', NULL, NULL, 0, 0, 0)', 0)
 2 SYSTEMPATH\Database\BaseConnection.php(910): CodeIgniter\Database\MySQLi\Connection->execute('INSERT INTO `pedido` (`idCliente`, `fecha`, `estado`, `tipoEntrega`, `direccionEntrega`, `subTotal`, `costoEnvio`, `total`) VALUES (\'14\', \'2026-09-12 15:00:09\', \'carrito\', NULL, NULL, 0, 0, 0)')
 3 SYSTEMPATH\Database\BaseConnection.php(827): CodeIgniter\Database\BaseConnection->simpleQuery('INSERT INTO `pedido` (`idCliente`, `fecha`, `estado`, `tipoEntrega`, `direccionEntrega`, `subTotal`, `costoEnvio`, `total`) VALUES (\'14\', \'2026-09-12 15:00:09\', \'carrito\', NULL, NULL, 0, 0, 0)')
 4 SYSTEMPATH\Database\BaseBuilder.php(2345): CodeIgniter\Database\BaseConnection->query('INSERT INTO `pedido` (`idCliente`, `fecha`, `estado`, `tipoEntrega`, `direccionEntrega`, `subTotal`, `costoEnvio`, `total`) VALUES (:idCliente:, :fecha:, :estado:, :tipoEntrega:, :direccionEntrega:, :subTotal:, :costoEnvio:, :total:)', [...], false)
 5 SYSTEMPATH\Model.php(355): CodeIgniter\Database\BaseBuilder->insert()
 6 SYSTEMPATH\BaseModel.php(899): CodeIgniter\Model->doInsert([...])
 7 SYSTEMPATH\Model.php(668): CodeIgniter\BaseModel->insert([...], true)
 8 APPPATH\Controllers\Carrito.php(115): CodeIgniter\Model->insert([...])
 9 SYSTEMPATH\CodeIgniter.php(951): App\Controllers\Carrito->agregar()
10 SYSTEMPATH\CodeIgniter.php(497): CodeIgniter\CodeIgniter->runController(Object(App\Controllers\Carrito))
11 SYSTEMPATH\CodeIgniter.php(340): CodeIgniter\CodeIgniter->handleRequest(null, Object(Config\Cache), false)
12 SYSTEMPATH\Boot.php(417): CodeIgniter\CodeIgniter->run()
13 SYSTEMPATH\Boot.php(68): CodeIgniter\Boot::runCodeIgniter(Object(CodeIgniter\CodeIgniter))
14 FCPATH\index.php(59): CodeIgniter\Boot::bootWeb(Object(Config\Paths))
